// Jest Snapshot v1, https://goo.gl/fbAQLP

exports[`Not found component should render correctly 1`] = `
<Header
  as="h3"
  className="not-found"
  icon={true}
  textAlign="center"
>
  <Icon
    as="i"
    circular={true}
    name="folder open"
  />
  <HeaderContent>
    Sorry, we could not find what you were looking for.
  </HeaderContent>
</Header>
`;
