// Jest Snapshot v1, https://goo.gl/fbAQLP

exports[`One card should render correctly 1`] = `
<Grid
  className="full-row"
>
  <GridRow>
    <GridColumn>
      <CategoryCard
        category={
          Object {
            "id": 1,
            "link": "http://localhost/mock-slug-1",
            "name": "Some mock name",
            "slug": "mock-slug-1",
          }
        }
        key="1"
      />
    </GridColumn>
  </GridRow>
</Grid>
`;
