// Jest Snapshot v1, https://goo.gl/fbAQLP

exports[`Page details renders page details 1`] = `
<Container
  className="page"
>
  <HelmetWrapper
    defer={true}
    encodeSpecialCharacters={true}
  >
    <link
      href="some-link"
      rel="canonical"
    />
  </HelmetWrapper>
  <Header
    dividing={true}
  >
    <Link
      replace={false}
      to="/"
    >
      <Icon
        as="i"
        link={true}
        name="close"
        size="large"
      />
    </Link>
    <h1
      dangerouslySetInnerHTML={
        Object {
          "__html": "Some title",
        }
      }
    />
  </Header>
  <HeaderSubheader>
     
    by
     
    <b>
      Some author
    </b>
    , 
    <t
      ago={false}
      calendar={false}
      element="time"
      filter={[Function]}
      format="MMMM DD, YYYY"
      fromNow={false}
      interval={60000}
      onChange={[Function]}
      toNow={false}
      unix={false}
      utc={false}
    />
  </HeaderSubheader>
  <Image
    as="img"
    src="some-image"
    ui={true}
  />
  <Container
    textAlign="justified"
  >
    <div
      dangerouslySetInnerHTML={
        Object {
          "__html": "Some content for some page",
        }
      }
    />
  </Container>
</Container>
`;
