// Jest Snapshot v1, https://goo.gl/fbAQLP

exports[`Page list renders page list in side menu 1`] = `
<List
  divided={true}
  relaxed={true}
>
  <Header
    as="h2"
  >
    Go to
  </Header>
  <ListItem>
    <ListIcon
      name="linkify"
      size="large"
      verticalAlign="middle"
    />
    <ListContent>
      <a
        href="websiteUrl"
      >
        <ListHeader
          as="h3"
        >
          Visit website
        </ListHeader>
      </a>
    </ListContent>
  </ListItem>
</List>
`;
